<?xml version="1.0" encoding="utf-8"?><testsuites name="pytest tests"><testsuite name="pytest" errors="0" failures="1" skipped="0" tests="528" time="73.526" timestamp="2025-09-08T15:28:03.031167-05:00" hostname="eklektos-lm22"><testcase classname="tests.test_async_patterns.TestAsyncPatterns" name="test_async_client_initialization" time="0.040" /><testcase classname="tests.test_async_patterns.TestAsyncPatterns" name="test_async_message_handling" time="0.038" /><testcase classname="tests.test_async_patterns.TestAsyncPatterns" name="test_async_error_handling" time="0.035" /><testcase classname="tests.test_async_patterns.TestAsyncPatterns" name="test_async_timeout_handling" time="0.044" /><testcase classname="tests.test_async_patterns.TestAsyncPatterns" name="test_async_concurrent_operations" time="0.035" /><testcase classname="tests.test_async_patterns.TestAsyncPatterns" name="test_async_cleanup_patterns" time="0.032" /><testcase classname="tests.test_async_patterns.TestAsyncPatterns" name="test_async_context_manager_patterns" time="0.032" /><testcase classname="tests.test_async_patterns.TestAsyncPatterns" name="test_async_retry_patterns" time="0.033" /><testcase classname="tests.test_async_patterns.TestAsyncPatterns" name="test_async_rate_limiting_patterns" time="0.034" /><testcase classname="tests.test_async_patterns.TestAsyncPatterns" name="test_async_cancellation_patterns" time="0.080" /><testcase classname="tests.test_async_patterns.TestAsyncPatterns" name="test_async_exception_propagation" time="0.046" /><testcase classname="tests.test_async_patterns.TestAsyncPatterns" name="test_async_resource_management" time="0.034" /><testcase classname="tests.test_async_patterns.TestAsyncPatterns" name="test_async_event_loop_integration" time="0.034" /><testcase classname="tests.test_async_patterns.TestAsyncPatterns" name="test_async_signal_handling" time="0.034" /><testcase classname="tests.test_async_patterns.TestAsyncPatterns" name="test_async_background_tasks" time="0.135" /><testcase classname="tests.test_auth.TestCredentials" name="test_credentials_to_dict" time="0.060" /><testcase classname="tests.test_auth.TestCredentials" name="test_credentials_from_dict" time="0.059" /><testcase classname="tests.test_auth.TestCredentials" name="test_credentials_from_dict_missing_fields" time="0.058" /><testcase classname="tests.test_auth.TestConfigDirectory" name="test_get_config_dir_creates_directory" time="0.069" /><testcase classname="tests.test_auth.TestConfigDirectory" name="test_credentials_path" time="0.056" /><testcase classname="tests.test_auth.TestCredentialsPersistence" name="test_save_and_load_credentials" time="0.072" /><testcase classname="tests.test_auth.TestCredentialsPersistence" name="test_load_credentials_no_file" time="0.059" /><testcase classname="tests.test_auth.TestCredentialsPersistence" name="test_load_credentials_invalid_json" time="0.067" /><testcase classname="tests.test_auth.TestCredentialsPersistence" name="test_save_credentials_creates_secure_file" time="0.063" /><testcase classname="tests.test_auth.TestE2EEStatus" name="test_check_e2ee_status_windows" time="0.059" /><testcase classname="tests.test_auth.TestE2EEStatus" name="test_check_e2ee_status_missing_deps" time="0.062" /><testcase classname="tests.test_auth.TestE2EEStatus" name="test_check_e2ee_status_deps_available_no_creds" time="0.063" /><testcase classname="tests.test_auth.TestE2EEStatus" name="test_check_e2ee_status_fully_available" time="0.076" /><testcase classname="tests.test_auth.TestE2EEStoreManagement" name="test_get_store_dir_creates_directory" time="0.060" /><testcase classname="tests.test_auth.TestE2EEStoreManagement" name="test_get_store_dir_sets_permissions" time="0.071" /><testcase classname="tests.test_auth.TestPrintE2EEStatus" name="test_print_e2ee_status_available" time="0.060" /><testcase classname="tests.test_auth.TestPrintE2EEStatus" name="test_print_e2ee_status_with_error" time="0.063" /><testcase classname="tests.test_auth.TestDiscoverHomeserver" name="test_discover_homeserver_success" time="0.059" /><testcase classname="tests.test_auth.TestDiscoverHomeserver" name="test_discover_homeserver_timeout" time="0.056" /><testcase classname="tests.test_auth.TestDiscoverHomeserver" name="test_discover_homeserver_error" time="0.062" /><testcase classname="tests.test_auth.TestInteractiveLogin" name="test_interactive_login_success" time="0.093" /><testcase classname="tests.test_auth.TestInteractiveLogin" name="test_interactive_login_existing_credentials_cancel" time="0.061" /><testcase classname="tests.test_auth.TestInteractiveLogin" name="test_interactive_login_timeout" time="0.098" /><testcase classname="tests.test_auth.TestInteractiveLogin" name="test_interactive_login_rate_limited" time="0.096" /><testcase classname="tests.test_auth.TestInteractiveLogin" name="test_interactive_login_rate_limited_no_retry_time" time="0.091" /><testcase classname="tests.test_auth.TestInteractiveLogin" name="test_interactive_login_forbidden_error" time="0.090" /><testcase classname="tests.test_auth.TestInteractiveLogin" name="test_interactive_login_user_not_found" time="0.095" /><testcase classname="tests.test_auth.TestInteractiveLogin" name="test_interactive_login_unexpected_response" time="0.092" /><testcase classname="tests.test_auth.TestInteractiveLogin" name="test_interactive_login_device_id_reuse" time="0.092" /><testcase classname="tests.test_auth.TestInteractiveLogout" name="test_interactive_logout_success" time="0.063" /><testcase classname="tests.test_auth.TestInteractiveLogout" name="test_interactive_logout_no_credentials" time="0.058" /><testcase classname="tests.test_auth.TestInteractiveLogout" name="test_interactive_logout_server_error" time="0.066" /><testcase classname="tests.test_auth.TestE2EEStatusFunctions" name="test_check_e2ee_status_linux_available" time="0.075" /><testcase classname="tests.test_auth.TestE2EEStatusFunctions" name="test_check_e2ee_status_windows_unavailable" time="0.067" /><testcase classname="tests.test_auth.TestE2EEStatusFunctions" name="test_check_e2ee_status_missing_dependencies" time="0.066" /><testcase classname="tests.test_auth.TestDirectoryManagement" name="test_get_config_dir_success" time="0.065" /><testcase classname="tests.test_auth.TestDirectoryManagement" name="test_get_config_dir_chmod_failure" time="0.063" /><testcase classname="tests.test_auth.TestDirectoryManagement" name="test_get_store_dir_success" time="0.062" /><testcase classname="tests.test_auth.TestDirectoryManagement" name="test_get_store_dir_chmod_failure" time="0.059" /><testcase classname="tests.test_auth.TestDirectoryManagement" name="test_credentials_path" time="0.064" /><testcase classname="tests.test_auth.TestInputValidation" name="test_empty_homeserver_validation" time="0.067" /><testcase classname="tests.test_auth.TestInputValidation" name="test_empty_username_validation" time="0.065" /><testcase classname="tests.test_auth.TestDiscoverHomeserverExceptions" name="test_discover_homeserver_exception" time="0.069" /><testcase classname="tests.test_bot.TestConfigLoading" name="test_load_config_success" time="0.071" /><testcase classname="tests.test_bot.TestConfigLoading" name="test_load_config_file_not_found" time="0.064" /><testcase classname="tests.test_bot.TestConfigLoading" name="test_load_config_invalid_yaml" time="0.075" /><testcase classname="tests.test_bot.TestConfigLoading" name="test_load_config_missing_required_fields" time="0.061" /><testcase classname="tests.test_bot.TestEnvironmentLoading" name="test_load_environment_with_env_file" time="0.076" /><testcase classname="tests.test_bot.TestEnvironmentLoading" name="test_load_environment_from_os_env" time="0.105" /><testcase classname="tests.test_bot.TestEnvironmentLoading" name="test_load_environment_no_env_vars" time="0.162" /><testcase classname="tests.test_bot.TestBookNameNormalization" name="test_validate_and_normalize_book_name_valid[gen-Genesis]" time="0.089" /><testcase classname="tests.test_bot.TestBookNameNormalization" name="test_validate_and_normalize_book_name_valid[GEN-Genesis]" time="0.073" /><testcase classname="tests.test_bot.TestBookNameNormalization" name="test_validate_and_normalize_book_name_valid[Genesis-Genesis]" time="0.080" /><testcase classname="tests.test_bot.TestBookNameNormalization" name="test_validate_and_normalize_book_name_valid[1 cor-1 Corinthians]" time="0.083" /><testcase classname="tests.test_bot.TestBookNameNormalization" name="test_validate_and_normalize_book_name_valid[1co-1 Corinthians]" time="0.067" /><testcase classname="tests.test_bot.TestBookNameNormalization" name="test_validate_and_normalize_book_name_valid[rev-Revelation]" time="0.100" /><testcase classname="tests.test_bot.TestBookNameNormalization" name="test_validate_and_normalize_book_name_valid[revelation-Revelation]" time="0.069" /><testcase classname="tests.test_bot.TestBookNameNormalization" name="test_validate_and_normalize_book_name_valid[ps-Psalms]" time="0.074" /><testcase classname="tests.test_bot.TestBookNameNormalization" name="test_validate_and_normalize_book_name_valid[psalm-Psalms]" time="0.066" /><testcase classname="tests.test_bot.TestBookNameNormalization" name="test_validate_and_normalize_book_name_valid[song-Song of Solomon]" time="0.071" /><testcase classname="tests.test_bot.TestBookNameNormalization" name="test_validate_and_normalize_book_name_valid[sos-Song of Solomon]" time="0.065" /><testcase classname="tests.test_bot.TestBookNameNormalization" name="test_validate_and_normalize_book_name_valid[so-Song of Solomon]" time="0.065" /><testcase classname="tests.test_bot.TestBookNameNormalization" name="test_validate_and_normalize_book_name_valid[Song of Solomon-Song of Solomon]" time="0.067" /><testcase classname="tests.test_bot.TestBookNameNormalization" name="test_validate_and_normalize_book_name_invalid[unknown]" time="0.095" /><testcase classname="tests.test_bot.TestBookNameNormalization" name="test_validate_and_normalize_book_name_invalid[invalidbook]" time="0.085" /><testcase classname="tests.test_bot.TestBookNameNormalization" name="test_validate_and_normalize_book_name_invalid[xyz]" time="0.061" /><testcase classname="tests.test_bot.TestBookNameNormalization" name="test_validate_and_normalize_book_name_invalid[]" time="0.057" /><testcase classname="tests.test_bot.TestBookNameNormalization" name="test_validate_and_normalize_book_name_invalid[   ]" time="0.060" /><testcase classname="tests.test_bot.TestBookNameValidation" name="test_validate_and_normalize_book_name[gen-Genesis]" time="0.061" /><testcase classname="tests.test_bot.TestBookNameValidation" name="test_validate_and_normalize_book_name[GEN-Genesis]" time="0.063" /><testcase classname="tests.test_bot.TestBookNameValidation" name="test_validate_and_normalize_book_name[1co-1 Corinthians]" time="0.060" /><testcase classname="tests.test_bot.TestBookNameValidation" name="test_validate_and_normalize_book_name[1 cor-1 Corinthians]" time="0.062" /><testcase classname="tests.test_bot.TestBookNameValidation" name="test_validate_and_normalize_book_name[ps-Psalms]" time="0.061" /><testcase classname="tests.test_bot.TestBookNameValidation" name="test_validate_and_normalize_book_name[rev-Revelation]" time="0.057" /><testcase classname="tests.test_bot.TestBookNameValidation" name="test_validate_and_normalize_book_name[Genesis-Genesis]" time="0.061" /><testcase classname="tests.test_bot.TestBookNameValidation" name="test_validate_and_normalize_book_name[Matthew-Matthew]" time="0.062" /><testcase classname="tests.test_bot.TestBookNameValidation" name="test_validate_and_normalize_book_name[1 Corinthians-1 Corinthians]" time="0.062" /><testcase classname="tests.test_bot.TestBookNameValidation" name="test_validate_and_normalize_book_name[Psalms-Psalms]" time="0.064" /><testcase classname="tests.test_bot.TestBookNameValidation" name="test_validate_and_normalize_book_name[Revelation-Revelation]" time="0.063" /><testcase classname="tests.test_bot.TestBookNameValidation" name="test_validate_and_normalize_book_name[I have-None]" time="0.063" /><testcase classname="tests.test_bot.TestBookNameValidation" name="test_validate_and_normalize_book_name[Room-None]" time="0.067" /><testcase classname="tests.test_bot.TestBookNameValidation" name="test_validate_and_normalize_book_name[Version-None]" time="0.080" /><testcase classname="tests.test_bot.TestBookNameValidation" name="test_validate_and_normalize_book_name[Chapter-None]" time="0.068" /><testcase classname="tests.test_bot.TestBookNameValidation" name="test_validate_and_normalize_book_name[unknown-None]" time="0.067" /><testcase classname="tests.test_bot.TestBookNameValidation" name="test_validate_and_normalize_book_name[xyz-None]" time="0.070" /><testcase classname="tests.test_bot.TestBookNameValidation" name="test_validate_and_normalize_book_name[-None]" time="0.068" /><testcase classname="tests.test_bot.TestBookNameValidation" name="test_validate_and_normalize_book_name_whitespace_normalization[1 Samuel-1 Samuel]" time="0.065" /><testcase classname="tests.test_bot.TestBookNameValidation" name="test_validate_and_normalize_book_name_whitespace_normalization[1  Samuel-1 Samuel]" time="0.064" /><testcase classname="tests.test_bot.TestBookNameValidation" name="test_validate_and_normalize_book_name_whitespace_normalization[1\tSamuel-1 Samuel]" time="0.062" /><testcase classname="tests.test_bot.TestBookNameValidation" name="test_validate_and_normalize_book_name_whitespace_normalization[  1   Samuel  -1 Samuel]" time="0.062" /><testcase classname="tests.test_bot.TestBookNameValidation" name="test_validate_and_normalize_book_name_whitespace_normalization[Song of Solomon-Song of Solomon]" time="0.064" /><testcase classname="tests.test_bot.TestBookNameValidation" name="test_validate_and_normalize_book_name_whitespace_normalization[Song  of  Solomon-Song of Solomon]" time="0.068" /><testcase classname="tests.test_bot.TestBookNameValidation" name="test_validate_and_normalize_book_name_whitespace_normalization[  John  -John]" time="0.076" /><testcase classname="tests.test_bot.TestBookNameValidation" name="test_validate_and_normalize_book_name_whitespace_invalid[unknown  book]" time="0.069" /><testcase classname="tests.test_bot.TestBookNameValidation" name="test_validate_and_normalize_book_name_whitespace_invalid[   invalid   ]" time="0.063" /><testcase classname="tests.test_bot.TestBookNameValidation" name="test_validate_and_normalize_book_name_whitespace_invalid[xyz  abc]" time="0.061" /><testcase classname="tests.test_bot.TestAPIRequests" name="test_make_api_request_success" time="0.070" /><testcase classname="tests.test_bot.TestAPIRequests" name="test_make_api_request_http_error" time="0.072" /><testcase classname="tests.test_bot.TestAPIRequests" name="test_make_api_request_timeout" time="0.088" /><testcase classname="tests.test_bot.TestPartialReferenceMatching" name="test_detect_anywhere_bool_coercion[true-True]" time="0.127" /><testcase classname="tests.test_bot.TestPartialReferenceMatching" name="test_detect_anywhere_bool_coercion[True-True]" time="0.098" /><testcase classname="tests.test_bot.TestPartialReferenceMatching" name="test_detect_anywhere_bool_coercion[yes-True]" time="0.101" /><testcase classname="tests.test_bot.TestPartialReferenceMatching" name="test_detect_anywhere_bool_coercion[on-True]" time="0.109" /><testcase classname="tests.test_bot.TestPartialReferenceMatching" name="test_detect_anywhere_bool_coercion[1-True0]" time="0.073" /><testcase classname="tests.test_bot.TestPartialReferenceMatching" name="test_detect_anywhere_bool_coercion[1-True1]" time="0.076" /><testcase classname="tests.test_bot.TestPartialReferenceMatching" name="test_detect_anywhere_bool_coercion[false-False]" time="0.097" /><testcase classname="tests.test_bot.TestPartialReferenceMatching" name="test_detect_anywhere_bool_coercion[off-False]" time="0.069" /><testcase classname="tests.test_bot.TestPartialReferenceMatching" name="test_detect_anywhere_bool_coercion[0-False0]" time="0.065" /><testcase classname="tests.test_bot.TestPartialReferenceMatching" name="test_detect_anywhere_bool_coercion[0-False1]" time="0.065" /><testcase classname="tests.test_bot.TestPartialReferenceMatching" name="test_detect_anywhere_bool_coercion[None-False]" time="0.073" /><testcase classname="tests.test_bot.TestPartialReferenceMatching" name="test_detect_references_anywhere_toggle[False-False]" time="0.077" /><testcase classname="tests.test_bot.TestPartialReferenceMatching" name="test_detect_references_anywhere_toggle[True-True]" time="0.067" /><testcase classname="tests.test_bot.TestPartialReferenceMatching" name="test_exact_reference_works_in_both_modes[False]" time="0.069" /><testcase classname="tests.test_bot.TestPartialReferenceMatching" name="test_exact_reference_works_in_both_modes[True]" time="0.072" /><testcase classname="tests.test_bot.TestPartialReferenceMatching" name="test_false_positives_prevented[I have 3 cats]" time="0.073" /><testcase classname="tests.test_bot.TestPartialReferenceMatching" name="test_false_positives_prevented[Room 5 is available]" time="0.073" /><testcase classname="tests.test_bot.TestPartialReferenceMatching" name="test_false_positives_prevented[Version 2 update]" time="0.068" /><testcase classname="tests.test_bot.TestPartialReferenceMatching" name="test_false_positives_prevented[Chapter 1 begins]" time="0.073" /><testcase classname="tests.test_bot.TestPartialReferenceMatching" name="test_false_positives_prevented[Meeting at 2:30]" time="0.072" /><testcase classname="tests.test_bot.TestPartialReferenceMatching" name="test_false_positives_prevented[Call me at 555:1234]" time="0.066" /><testcase classname="tests.test_bot.TestPartialReferenceMatching" name="test_false_positives_prevented[Release v2.0 today]" time="0.073" /><testcase classname="tests.test_bot.TestPartialReferenceMatching" name="test_false_positives_prevented[Meet @ 2:30pm]" time="0.068" /><testcase classname="tests.test_bot.TestPartialReferenceMatching" name="test_false_positives_prevented[task 1:1 is complete]" time="0.065" /><testcase classname="tests.test_bot.TestPartialReferenceMatching" name="test_partial_reference_with_kjv_translation" time="0.075" /><testcase classname="tests.test_bot.TestBibleTextRetrieval" name="test_get_kjv_text_success" time="0.066" /><testcase classname="tests.test_bot.TestBibleTextRetrieval" name="test_get_kjv_text_not_found" time="0.067" /><testcase classname="tests.test_bot.TestBibleTextRetrieval" name="test_get_esv_text_success" time="0.067" /><testcase classname="tests.test_bot.TestBibleTextRetrieval" name="test_get_esv_text_no_api_key" time="0.061" /><testcase classname="tests.test_bot.TestBibleTextRetrieval" name="test_get_bible_text_with_cache" time="0.064" /><testcase classname="tests.test_bot.TestBibleBot" name="test_biblebot_init" time="0.064" /><testcase classname="tests.test_bot.TestBibleBot" name="test_resolve_aliases" time="0.066" /><testcase classname="tests.test_bot.TestBibleBot" name="test_join_matrix_room_success" time="0.065" /><testcase classname="tests.test_bot.TestBibleBot" name="test_join_matrix_room_already_joined" time="0.065" /><testcase classname="tests.test_bot.TestBibleBot" name="test_send_reaction" time="0.070" /><testcase classname="tests.test_bot.TestMessageHandling" name="test_on_room_message_bible_reference" time="0.071" /><testcase classname="tests.test_bot.TestMessageHandling" name="test_on_room_message_ignore_own_message" time="0.068" /><testcase classname="tests.test_bot.TestMessageHandling" name="test_on_room_message_ignore_old_message" time="0.069" /><testcase classname="tests.test_bot.TestMessageHandling" name="test_on_room_message_wrong_room" time="0.066" /><testcase classname="tests.test_bot.TestMessageHandling" name="test_handle_scripture_command_success" time="0.069" /><testcase classname="tests.test_bot.TestMessageHandling" name="test_handle_scripture_command_failure" time="0.065" /><testcase classname="tests.test_bot.TestInviteHandling" name="test_on_invite_configured_room" time="0.070" /><testcase classname="tests.test_bot.TestInviteHandling" name="test_on_invite_non_configured_room" time="0.079" /><testcase classname="tests.test_bot.TestE2EEFunctionality" name="test_room_send_ignore_unverified_devices" time="0.102" /><testcase classname="tests.test_bot.TestE2EEFunctionality" name="test_send_error_message" time="0.079" /><testcase classname="tests.test_bot.TestE2EEFunctionality" name="test_on_decryption_failure" time="0.089" /><testcase classname="tests.test_bot.TestE2EEFunctionality" name="test_on_decryption_failure_fallback" time="0.073" /><testcase classname="tests.test_bot.TestMainFunction" name="test_main_with_credentials" time="0.363" /><testcase classname="tests.test_bot.TestMainFunction" name="test_main_with_access_token" time="0.255" /><testcase classname="tests.test_bot.TestMainFunction" name="test_main_no_auth" time="0.069" /><testcase classname="tests.test_bot.TestMainFunction" name="test_main_invalid_config" time="0.068" /><testcase classname="tests.test_bot.TestMainFunction" name="test_main_with_e2ee_enabled" time="0.257" /><testcase classname="tests.test_bot.TestUtilityFunctions" name="test_validate_and_normalize_book_name_full_names" time="0.064" /><testcase classname="tests.test_bot.TestUtilityFunctions" name="test_validate_and_normalize_book_name_abbreviations" time="0.069" /><testcase classname="tests.test_bot.TestUtilityFunctions" name="test_validate_and_normalize_book_name_case_insensitive" time="0.065" /><testcase classname="tests.test_bot.TestUtilityFunctions" name="test_validate_and_normalize_book_name_unknown" time="0.066" /><testcase classname="tests.test_bot.TestCacheFunctions" name="test_cache_get_miss" time="0.064" /><testcase classname="tests.test_bot.TestCacheFunctions" name="test_cache_set_and_get" time="0.067" /><testcase classname="tests.test_bot.TestCacheFunctions" name="test_cache_case_insensitive" time="0.066" /><testcase classname="tests.test_bot.TestEnvironmentLoadingExtra" name="test_load_environment_with_env_file" time="0.065" /><testcase classname="tests.test_bot.TestEnvironmentLoadingExtra" name="test_load_environment_returns_proper_types" time="0.062" /><testcase classname="tests.test_bot.TestTextFormatting" name="test_format_text_default_mode" time="0.060" /><testcase classname="tests.test_bot.TestTextFormatting" name="test_format_text_poetry_mode" time="0.058" /><testcase classname="tests.test_bot.TestTextFormatting" name="test_format_text_default_mode_no_config" time="0.061" /><testcase classname="tests.test_bot.TestTextFormatting" name="test_format_text_poetry_mode_complex" time="0.061" /><testcase classname="tests.test_bot.TestTextFormatting" name="test_configuration_loading" time="0.062" /><testcase classname="tests.test_bot_config.TestBotConfiguration" name="test_bot_default_settings" time="0.066" /><testcase classname="tests.test_bot_config.TestBotConfiguration" name="test_bot_custom_settings" time="0.061" /><testcase classname="tests.test_bot_config.TestBotConfiguration" name="test_bot_partial_settings" time="0.062" /><testcase classname="tests.test_bot_config.TestBotConfiguration" name="test_bot_invalid_max_message_length" time="0.059" /><testcase classname="tests.test_bot_config.TestBotConfiguration" name="test_bot_non_dict_config" time="0.062" /><testcase classname="tests.test_bot_config.TestBotConfiguration" name="test_detect_references_anywhere_setting[bot_config0-False]" time="0.062" /><testcase classname="tests.test_bot_config.TestBotConfiguration" name="test_detect_references_anywhere_setting[bot_config1-False]" time="0.061" /><testcase classname="tests.test_bot_config.TestBotConfiguration" name="test_detect_references_anywhere_setting[bot_config2-False]" time="0.062" /><testcase classname="tests.test_bot_config.TestBotConfiguration" name="test_detect_references_anywhere_setting[bot_config3-True]" time="0.065" /><testcase classname="tests.test_bot_config.TestBotConfiguration" name="test_detect_references_anywhere_setting[bot_config4-True]" time="0.063" /><testcase classname="tests.test_bot_config.TestBotConfiguration" name="test_detect_references_anywhere_setting[bot_config5-False]" time="0.061" /><testcase classname="tests.test_bot_config.TestBotConfiguration" name="test_detect_references_anywhere_setting[bot_config6-True]" time="0.061" /><testcase classname="tests.test_bot_config.TestBotConfiguration" name="test_detect_references_anywhere_setting[bot_config7-False]" time="0.060" /><testcase classname="tests.test_bot_config.TestBotConfiguration" name="test_detect_references_anywhere_setting[bot_config8-True]" time="0.059" /><testcase classname="tests.test_bot_config.TestBotConfiguration" name="test_detect_references_anywhere_setting[bot_config9-False]" time="0.062" /><testcase classname="tests.test_bot_config.TestBotConfiguration" name="test_detect_references_anywhere_setting[bot_config10-True]" time="0.063" /><testcase classname="tests.test_bot_config.TestBotConfiguration" name="test_detect_references_anywhere_setting[bot_config11-False]" time="0.061" /><testcase classname="tests.test_bot_config.TestBotConfiguration" name="test_detect_references_anywhere_setting[bot_config12-True]" time="0.060" /><testcase classname="tests.test_bot_config.TestBotConfiguration" name="test_detect_references_anywhere_setting[bot_config13-False]" time="0.070" /><testcase classname="tests.test_bot_config.TestBotConfiguration" name="test_detect_references_anywhere_setting[bot_config14-False]" time="0.063" /><testcase classname="tests.test_bot_config.TestBotConfiguration" name="test_detect_references_anywhere_setting[bot_config15-False]" time="0.061" /><testcase classname="tests.test_bot_config.TestBotConfiguration" name="test_detect_references_anywhere_setting[bot_config16-False]" time="0.062" /><testcase classname="tests.test_bot_config.TestBotConfiguration" name="test_detect_references_anywhere_setting[bot_config17-False]" time="0.062" /><testcase classname="tests.test_bot_config.TestBotConfiguration" name="test_bot_split_message_length_default" time="0.062" /><testcase classname="tests.test_bot_config.TestBotConfiguration" name="test_bot_split_message_length_custom" time="0.063" /><testcase classname="tests.test_bot_config.TestBotConfiguration" name="test_bot_split_message_length_invalid" time="0.063" /><testcase classname="tests.test_bot_config.TestBotConfiguration" name="test_bot_split_message_length_type_validation" time="0.062" /><testcase classname="tests.test_bot_config.TestBotConfiguration" name="test_bot_split_message_length_capping" time="0.065" /><testcase classname="tests.test_bot_config.TestMessageSplitting" name="test_split_text_into_chunks" time="0.062" /><testcase classname="tests.test_bot_config.TestMessageSplitting" name="test_handle_scripture_command_with_message_splitting" time="0.063" /><testcase classname="tests.test_bot_config.TestMessageSplitting" name="test_handle_scripture_command_splitting_disabled" time="0.063" /><testcase classname="tests.test_bot_config.TestMessageSplitting" name="test_handle_scripture_command_splitting_respects_max_length" time="0.064" /><testcase classname="tests.test_bot_config.TestMessageSplitting" name="test_handle_scripture_command_extremely_long_reference" time="0.061" /><testcase classname="tests.test_bot_config.TestMessageSplitting" name="test_handle_scripture_command_suffix_exceeds_max" time="0.066" /><testcase classname="tests.test_bot_config.TestCacheConfiguration" name="test_cache_enabled" time="0.060" /><testcase classname="tests.test_bot_config.TestCacheConfiguration" name="test_cache_disabled_get" time="0.061" /><testcase classname="tests.test_bot_config.TestCacheConfiguration" name="test_cache_disabled_set" time="0.064" /><testcase classname="tests.test_bot_config.TestGetBibleTextConfiguration" name="test_get_bible_text_custom_default_translation" time="0.065" /><testcase classname="tests.test_bot_config.TestGetBibleTextConfiguration" name="test_get_bible_text_cache_disabled" time="0.063" /><testcase classname="tests.test_bot_config.TestConfigurationLoading" name="test_load_config_new_structure" time="0.065" /><testcase classname="tests.test_bot_config.TestConfigurationLoading" name="test_load_config_legacy_structure" time="0.064" /><testcase classname="tests.test_bot_config.TestConfigurationLoading" name="test_load_config_missing_room_ids" time="0.063" /><testcase classname="tests.test_bot_config.TestConfigurationLoading" name="test_load_config_invalid_room_ids" time="0.064" /><testcase classname="tests.test_bot_config.TestMessageTruncation" name="test_handle_scripture_command_no_truncation" time="0.066" /><testcase classname="tests.test_bot_config.TestMessageTruncation" name="test_handle_scripture_command_with_truncation" time="0.064" /><testcase classname="tests.test_cli.TestGetDefaultConfigPath" name="test_get_default_config_path" time="0.063" /><testcase classname="tests.test_cli.TestGenerateConfig" name="test_generate_config_success" time="0.062" /><testcase classname="tests.test_cli.TestGenerateConfig" name="test_generate_config_files_exist" time="0.059" /><testcase classname="tests.test_cli.TestGenerateConfig" name="test_generate_config_config_exists" time="0.067" /><testcase classname="tests.test_cli.TestGenerateConfig" name="test_generate_config_env_exists" time="0.061" /><testcase classname="tests.test_cli.TestArgumentParsing" name="test_parse_basic_args" time="0.063" /><testcase classname="tests.test_cli.TestArgumentParsing" name="test_parse_config_arg" time="0.065" /><testcase classname="tests.test_cli.TestModernCommands" name="test_config_generate_command" time="0.064" /><testcase classname="tests.test_cli.TestModernCommands" name="test_config_check_command" time="0.065" /><testcase classname="tests.test_cli.TestModernCommands" name="test_auth_login_command" time="0.072" /><testcase classname="tests.test_cli.TestModernCommands" name="test_auth_status_command" time="0.064" /><testcase classname="tests.test_cli.TestServiceCommands" name="test_service_install_command" time="0.063" /><testcase classname="tests.test_cli.TestMainFunction" name="test_main_run_bot" time="0.107" /><testcase classname="tests.test_cli.TestMainFunction" name="test_main_offer_config_generation" time="0.061" /><testcase classname="tests.test_cli.TestCLIArgumentParsing" name="test_cli_module_imports" time="0.061" /><testcase classname="tests.test_cli.TestCLIArgumentParsing" name="test_cli_functions_callable" time="0.061" /><testcase classname="tests.test_cli.TestCLIMainFunction" name="test_version_flag" time="0.072" /><testcase classname="tests.test_cli.TestCLIMainFunction" name="test_log_level_setting" time="0.115" /><testcase classname="tests.test_cli.TestCLIMainFunction" name="test_config_generate_command" time="0.075" /><testcase classname="tests.test_cli.TestCLIMainFunction" name="test_config_check_command" time="0.069" /><testcase classname="tests.test_cli.TestCLIMainFunction" name="test_auth_login_command" time="0.069" /><testcase classname="tests.test_cli.TestCLIMainFunction" name="test_auth_logout_command" time="0.070" /><testcase classname="tests.test_cli.TestCLIMainFunction" name="test_auth_status_logged_in" time="0.066" /><testcase classname="tests.test_cli.TestCLIMainFunction" name="test_auth_status_not_logged_in" time="0.067" /><testcase classname="tests.test_cli.TestCLIMainFunction" name="test_service_install_command" time="0.070" /><testcase classname="tests.test_cli.TestCLIMainFunction" name="test_config_no_action" time="0.067" /><testcase classname="tests.test_cli.TestCLIMainFunction" name="test_auth_no_action" time="0.069" /><testcase classname="tests.test_cli.TestCLIMainFunction" name="test_service_no_action" time="0.072" /><testcase classname="tests.test_cli.TestCLIMainFunction" name="test_config_check_invalid_config" time="0.069" /><testcase classname="tests.test_cli.TestCLIBotOperation" name="test_bot_run_with_config" time="0.075" /><testcase classname="tests.test_cli.TestCLIBotOperation" name="test_bot_no_config_generate_yes" time="0.078" /><testcase classname="tests.test_cli.TestCLIBotOperation" name="test_bot_no_config_generate_no" time="0.082" /><testcase classname="tests.test_cli.TestCLIBotOperation" name="test_bot_no_config_eof_error" time="0.080" /><testcase classname="tests.test_cli.TestCLIBotOperation" name="test_bot_no_config_keyboard_interrupt" time="0.079" /><testcase classname="tests.test_cli.TestCLIBotOperation" name="test_bot_keyboard_interrupt" time="0.080" /><testcase classname="tests.test_cli.TestCLIBotOperation" name="test_bot_runtime_error" time="0.841" /><testcase classname="tests.test_cli.TestCLIUtilityFunctions" name="test_get_default_config_path_custom_home" time="0.070" /><testcase classname="tests.test_cli.TestCLIUtilityFunctions" name="test_generate_config_success" time="0.068" /><testcase classname="tests.test_cli.TestCLIUtilityFunctions" name="test_generate_config_existing_files" time="0.071" /><testcase classname="tests.test_cli.TestDetectConfigurationState" name="test_no_config_file" time="0.064" /><testcase classname="tests.test_cli.TestDetectConfigurationState" name="test_invalid_config" time="0.069" /><testcase classname="tests.test_cli.TestDetectConfigurationState" name="test_config_load_error" time="0.068" /><testcase classname="tests.test_cli.TestDetectConfigurationState" name="test_legacy_token_present" time="0.065" /><testcase classname="tests.test_cli.TestDetectConfigurationState" name="test_invalid_credentials" time="0.068" /><testcase classname="tests.test_cli.TestDetectConfigurationState" name="test_credentials_load_error" time="0.071" /><testcase classname="tests.test_cli.TestCLIErrorHandling" name="test_invalid_config_handling" time="0.070" /><testcase classname="tests.test_cli.TestCLIErrorHandling" name="test_keyboard_interrupt_handling" time="0.082" /><testcase classname="tests.test_cli.TestCLIErrorHandling" name="test_cli_module_functions_exist" time="0.066" /><testcase classname="tests.test_config_env" name="test_load_config_validation_missing_keys" time="0.040" /><testcase classname="tests.test_config_env" name="test_load_config_ok_and_normalization" time="0.044" /><testcase classname="tests.test_config_env" name="test_load_environment_prefers_config_dir_env" time="0.050" /><testcase classname="tests.test_configuration_patterns.TestConfigurationPatterns" name="test_default_configuration_loading" time="0.039" /><testcase classname="tests.test_configuration_patterns.TestConfigurationPatterns" name="test_configuration_validation_patterns" time="0.038" /><testcase classname="tests.test_configuration_patterns.TestConfigurationPatterns" name="test_environment_variable_configuration" time="0.039" /><testcase classname="tests.test_configuration_patterns.TestConfigurationPatterns" name="test_configuration_file_loading" time="0.040" /><testcase classname="tests.test_configuration_patterns.TestConfigurationPatterns" name="test_configuration_merging_patterns" time="0.037" /><testcase classname="tests.test_configuration_patterns.TestConfigurationPatterns" name="test_configuration_secrets_handling" time="0.041" /><testcase classname="tests.test_configuration_patterns.TestConfigurationPatterns" name="test_configuration_validation_errors" time="0.036" /><testcase classname="tests.test_configuration_patterns.TestConfigurationPatterns" name="test_configuration_type_validation" time="0.035" /><testcase classname="tests.test_configuration_patterns.TestConfigurationPatterns" name="test_configuration_update_patterns" time="0.034" /><testcase classname="tests.test_configuration_patterns.TestConfigurationPatterns" name="test_credentials_configuration_integration" time="0.036" /><testcase classname="tests.test_configuration_patterns.TestConfigurationPatterns" name="test_configuration_schema_validation" time="0.036" /><testcase classname="tests.test_configuration_patterns.TestConfigurationPatterns" name="test_configuration_defaults_application" time="0.034" /><testcase classname="tests.test_configuration_patterns.TestConfigurationPatterns" name="test_configuration_override_precedence" time="0.033" /><testcase classname="tests.test_configuration_patterns.TestConfigurationPatterns" name="test_configuration_hot_reload_patterns" time="0.034" /><testcase classname="tests.test_configuration_patterns.TestConfigurationPatterns" name="test_configuration_backup_and_restore" time="0.033" /><testcase classname="tests.test_configuration_patterns.TestConfigurationPatterns" name="test_configuration_migration_patterns" time="0.035" /><testcase classname="tests.test_e2ee_integration.TestE2EEStatus" name="test_check_e2ee_status_linux_supported" time="0.034" /><testcase classname="tests.test_e2ee_integration.TestE2EEStatus" name="test_check_e2ee_status_windows_unsupported" time="0.035" /><testcase classname="tests.test_e2ee_integration.TestE2EEStatus" name="test_check_e2ee_status_missing_deps" time="0.033" /><testcase classname="tests.test_e2ee_integration.TestE2EEStatus" name="test_check_e2ee_status_deps_available_no_creds" time="0.036" /><testcase classname="tests.test_e2ee_integration.TestE2EEStatus" name="test_check_e2ee_status_fully_available" time="0.037" /><testcase classname="tests.test_e2ee_integration.TestE2EEStoreManagement" name="test_get_store_dir_creates_directory" time="0.037" /><testcase classname="tests.test_e2ee_integration.TestE2EEStoreManagement" name="test_get_store_dir_sets_permissions" time="0.035" /><testcase classname="tests.test_e2ee_integration.TestPrintE2EEStatus" name="test_print_e2ee_status_available" time="0.033" /><testcase classname="tests.test_e2ee_integration.TestPrintE2EEStatus" name="test_print_e2ee_status_with_error" time="0.036" /><testcase classname="tests.test_e2ee_integration.TestDiscoverHomeserver" name="test_discover_homeserver_success" time="0.036" /><testcase classname="tests.test_e2ee_integration.TestDiscoverHomeserver" name="test_discover_homeserver_timeout" time="0.036" /><testcase classname="tests.test_e2ee_integration.TestDiscoverHomeserver" name="test_discover_homeserver_error" time="0.185" /><testcase classname="tests.test_e2ee_integration.TestInteractiveLogin" name="test_interactive_login_success" time="0.075" /><testcase classname="tests.test_e2ee_integration.TestInteractiveLogin" name="test_interactive_login_existing_credentials_cancel" time="0.040" /><testcase classname="tests.test_e2ee_integration.TestInteractiveLogin" name="test_interactive_login_timeout" time="0.853" /><testcase classname="tests.test_e2ee_integration.TestInteractiveLogout" name="test_interactive_logout_success" time="0.043" /><testcase classname="tests.test_e2ee_integration.TestInteractiveLogout" name="test_interactive_logout_no_credentials" time="0.034" /><testcase classname="tests.test_e2ee_integration.TestInteractiveLogout" name="test_interactive_logout_server_error" time="0.455" /><testcase classname="tests.test_edge_cases.TestEdgeCases" name="test_empty_message_handling" time="0.045" /><testcase classname="tests.test_edge_cases.TestEdgeCases" name="test_extremely_long_messages" time="0.047" /><testcase classname="tests.test_edge_cases.TestEdgeCases" name="test_unicode_and_special_characters" time="0.051" /><testcase classname="tests.test_edge_cases.TestEdgeCases" name="test_malformed_bible_references" time="0.052" /><testcase classname="tests.test_edge_cases.TestEdgeCases" name="test_rapid_message_bursts" time="0.875" /><testcase classname="tests.test_edge_cases.TestEdgeCases" name="test_concurrent_same_user_messages" time="0.220" /><testcase classname="tests.test_edge_cases.TestEdgeCases" name="test_message_timestamp_edge_cases" time="0.054" /><testcase classname="tests.test_edge_cases.TestEdgeCases" name="test_room_id_edge_cases" time="0.051" /><testcase classname="tests.test_edge_cases.TestEdgeCases" name="test_user_id_edge_cases" time="0.100" /><testcase classname="tests.test_edge_cases.TestEdgeCases" name="test_api_response_edge_cases" time="0.248" /><testcase classname="tests.test_edge_cases.TestEdgeCases" name="test_network_timeout_edge_cases" time="0.071" /><testcase classname="tests.test_edge_cases.TestEdgeCases" name="test_memory_pressure_edge_cases" time="0.050" /><testcase classname="tests.test_edge_cases.TestEdgeCases" name="test_event_object_edge_cases" time="0.052" /><testcase classname="tests.test_edge_cases.TestEdgeCases" name="test_configuration_edge_cases" time="0.040" /><testcase classname="tests.test_integration.TestEndToEndWorkflow" name="test_config_generation_workflow" time="0.076" /><testcase classname="tests.test_integration.TestEndToEndWorkflow" name="test_authentication_workflow" time="0.097" /><testcase classname="tests.test_integration.TestEndToEndWorkflow" name="test_bot_initialization_workflow" time="0.373" /><testcase classname="tests.test_integration.TestConfigValidation" name="test_config_loading_validation" time="0.076" /><testcase classname="tests.test_integration.TestConfigValidation" name="test_environment_loading_integration" time="0.080" /><testcase classname="tests.test_integration.TestErrorScenarios" name="test_network_error_handling" time="1.667" /><testcase classname="tests.test_integration.TestErrorScenarios" name="test_file_permission_errors" time="0.073" /><testcase classname="tests.test_integration.TestErrorScenarios" name="test_matrix_client_errors" time="0.548" /><testcase classname="tests.test_integration.TestCacheManagement" name="test_bible_text_caching" time="0.074" /><testcase classname="tests.test_integration.TestCacheManagement" name="test_cache_size_limits" time="0.078" /><testcase classname="tests.test_integration.TestCLIIntegration" name="test_config_check_command_integration" time="0.135" /><testcase classname="tests.test_integration.TestCLIIntegration" name="test_auth_status_integration" time="0.089" /><testcase classname="tests.test_integration.TestCrossModuleIntegration" name="test_auth_to_cli_integration" time="0.097" /><testcase classname="tests.test_integration.TestCrossModuleIntegration" name="test_bot_to_auth_integration" time="0.122" /><testcase classname="tests.test_integration.TestCrossModuleIntegration" name="test_cli_to_bot_integration" time="0.076" /><testcase classname="tests.test_integration.TestDataFlowIntegration" name="test_config_to_environment_flow" time="0.083" /><testcase classname="tests.test_integration.TestDataFlowIntegration" name="test_credentials_to_auth_flow" time="0.099" /><testcase classname="tests.test_integration.TestDataFlowIntegration" name="test_api_to_cache_flow" time="0.075" /><testcase classname="tests.test_integration.TestErrorPropagationIntegration" name="test_config_error_propagation" time="0.400" /><testcase classname="tests.test_integration.TestErrorPropagationIntegration" name="test_api_error_propagation" time="0.073" /><testcase classname="tests.test_integration.TestErrorPropagationIntegration" name="test_auth_error_propagation" time="0.082" /><testcase classname="tests.test_integration.TestComponentInteractionIntegration" name="test_cli_auth_interaction" time="0.080" /><testcase classname="tests.test_integration.TestComponentInteractionIntegration" name="test_bot_cache_interaction" time="0.072" /><testcase classname="tests.test_integration.TestComponentInteractionIntegration" name="test_auth_directory_interaction" time="0.078" /><testcase classname="tests.test_integration_patterns.TestIntegrationPatterns" name="test_full_message_workflow" time="0.080" /><testcase classname="tests.test_integration_patterns.TestIntegrationPatterns" name="test_multi_room_integration" time="0.119" /><testcase classname="tests.test_integration_patterns.TestIntegrationPatterns" name="test_concurrent_user_integration" time="0.337" /><testcase classname="tests.test_integration_patterns.TestIntegrationPatterns" name="test_error_recovery_integration" time="1.166" /><testcase classname="tests.test_integration_patterns.TestIntegrationPatterns" name="test_authentication_integration" time="0.064" /><testcase classname="tests.test_integration_patterns.TestIntegrationPatterns" name="test_room_joining_integration" time="0.069" /><testcase classname="tests.test_integration_patterns.TestIntegrationPatterns" name="test_message_formatting_integration" time="0.072" /><testcase classname="tests.test_integration_patterns.TestIntegrationPatterns" name="test_api_integration_chain" time="0.070" /><testcase classname="tests.test_integration_patterns.TestIntegrationPatterns" name="test_api_integration_chain_partial_mode" time="0.073" /><testcase classname="tests.test_integration_patterns.TestIntegrationPatterns" name="test_api_integration_chain_partial_mode_disabled" time="0.066" /><testcase classname="tests.test_integration_patterns.TestIntegrationPatterns" name="test_configuration_integration" time="0.070" /><testcase classname="tests.test_integration_patterns.TestIntegrationPatterns" name="test_lifecycle_integration" time="0.105" /><testcase classname="tests.test_integration_patterns.TestIntegrationPatterns" name="test_stress_integration" time="0.488" /><testcase classname="tests.test_integration_patterns.TestIntegrationPatterns" name="test_real_world_scenarios" time="0.155" /><testcase classname="tests.test_log_utils.TestLogConfiguration" name="test_configure_logging_default" time="0.046" /><testcase classname="tests.test_log_utils.TestLogConfiguration" name="test_configure_logging_with_config" time="0.031" /><testcase classname="tests.test_log_utils.TestLogConfiguration" name="test_configure_component_debug_logging" time="0.030" /><testcase classname="tests.test_log_utils.TestLogDirectory" name="test_get_log_dir" time="0.031" /><testcase classname="tests.test_log_utils.TestLogDirectory" name="test_get_log_dir_with_mock" time="0.031" /><testcase classname="tests.test_log_utils.TestLoggerCreation" name="test_get_logger_with_name" time="0.031" /><testcase classname="tests.test_log_utils.TestLoggerCreation" name="test_get_logger_has_handlers" time="0.031" /><testcase classname="tests.test_log_utils.TestLoggerErrorHandling" name="test_configure_logging_with_none" time="0.029" /><testcase classname="tests.test_log_utils.TestLoggerErrorHandling" name="test_get_logger_error_handling" time="0.033" /><testcase classname="tests.test_log_utils.TestLogUtilsIntegration" name="test_logging_integration_workflow" time="0.039" /><testcase classname="tests.test_log_utils.TestLogUtilsIntegration" name="test_multiple_logger_creation" time="0.039" /><testcase classname="tests.test_matrix_utils" name="test_bible_bot_message_handling" time="0.041" /><testcase classname="tests.test_matrix_utils" name="test_bible_bot_ignore_own_messages" time="0.039" /><testcase classname="tests.test_matrix_utils" name="test_bible_bot_unsupported_room" time="0.080" /><testcase classname="tests.test_matrix_utils" name="test_bible_bot_api_error_handling" time="0.050" /><testcase classname="tests.test_matrix_utils" name="test_load_credentials_success" time="0.035" /><testcase classname="tests.test_matrix_utils" name="test_load_credentials_file_not_exists" time="0.032" /><testcase classname="tests.test_matrix_utils" name="test_save_credentials" time="0.038" /><testcase classname="tests.test_matrix_utils" name="test_bible_api_verse_fetch" time="0.032" /><testcase classname="tests.test_matrix_utils" name="test_bible_api_error_handling" time="0.032" /><testcase classname="tests.test_matrix_utils" name="test_bible_verse_parsing" time="0.031" /><testcase classname="tests.test_matrix_utils" name="test_bible_book_normalization" time="0.031" /><testcase classname="tests.test_matrix_utils" name="test_matrix_client_initialization" time="0.034" /><testcase classname="tests.test_matrix_utils" name="test_matrix_room_joining" time="0.038" /><testcase classname="tests.test_monitoring_patterns.TestMonitoringPatterns" name="test_request_logging_patterns" time="0.046" /><testcase classname="tests.test_monitoring_patterns.TestMonitoringPatterns" name="test_error_logging_patterns" time="0.504" /><testcase classname="tests.test_monitoring_patterns.TestMonitoringPatterns" name="test_performance_metrics_collection" time="0.236" /><testcase classname="tests.test_monitoring_patterns.TestMonitoringPatterns" name="test_health_check_patterns" time="0.048" /><testcase classname="tests.test_monitoring_patterns.TestMonitoringPatterns" name="test_uptime_tracking" time="0.041" /><testcase classname="tests.test_monitoring_patterns.TestMonitoringPatterns" name="test_request_rate_monitoring" time="0.580" /><testcase classname="tests.test_monitoring_patterns.TestMonitoringPatterns" name="test_error_rate_monitoring" time="0.200" /><testcase classname="tests.test_monitoring_patterns.TestMonitoringPatterns" name="test_resource_usage_monitoring" time="0.131" /><testcase classname="tests.test_monitoring_patterns.TestMonitoringPatterns" name="test_alert_threshold_monitoring" time="0.139" /><testcase classname="tests.test_monitoring_patterns.TestMonitoringPatterns" name="test_custom_metrics_collection" time="0.133" /><testcase classname="tests.test_monitoring_patterns.TestMonitoringPatterns" name="test_distributed_tracing_patterns" time="0.129" /><testcase classname="tests.test_monitoring_patterns.TestMonitoringPatterns" name="test_log_aggregation_patterns" time="0.057" /><testcase classname="tests.test_performance.TestCachePerformance" name="test_cache_performance_single_operations" time="0.033" /><testcase classname="tests.test_performance.TestCachePerformance" name="test_cache_performance_bulk_operations" time="0.031" /><testcase classname="tests.test_performance.TestCachePerformance" name="test_cache_performance_case_insensitive" time="0.036" /><testcase classname="tests.test_performance.TestBookNormalizationPerformance" name="test_normalization_performance_common_books" time="0.050" /><testcase classname="tests.test_performance.TestBookNormalizationPerformance" name="test_normalization_performance_abbreviations" time="0.058" /><testcase classname="tests.test_performance.TestBookNormalizationPerformance" name="test_normalization_performance_mixed_case" time="0.044" /><testcase classname="tests.test_performance.TestAPIPerformance" name="test_api_request_performance_single" time="0.035" /><testcase classname="tests.test_performance.TestAPIPerformance" name="test_api_request_performance_concurrent" time="0.050" /><testcase classname="tests.test_performance.TestAPIPerformance" name="test_api_request_performance_with_cache" time="0.037" /><testcase classname="tests.test_performance.TestConfigPerformance" name="test_config_loading_performance" time="0.425" /><testcase classname="tests.test_performance.TestConfigPerformance" name="test_environment_loading_performance" time="0.463" /><testcase classname="tests.test_performance.TestMemoryPerformance" name="test_cache_memory_usage" time="0.040" /><testcase classname="tests.test_performance.TestMemoryPerformance" name="test_normalization_memory_usage" time="0.103" /><testcase classname="tests.test_performance.TestStressPerformance" name="test_rapid_cache_operations" time="0.041" /><testcase classname="tests.test_performance.TestStressPerformance" name="test_concurrent_normalization_stress" time="0.052" /><testcase classname="tests.test_performance_patterns.TestPerformancePatterns" name="test_message_processing_performance" time="0.127" /><testcase classname="tests.test_performance_patterns.TestPerformancePatterns" name="test_memory_usage_patterns" time="0.472" /><testcase classname="tests.test_performance_patterns.TestPerformancePatterns" name="test_concurrent_request_handling" time="0.365" /><testcase classname="tests.test_performance_patterns.TestPerformancePatterns" name="test_rate_limiting_performance" time="0.169" /><testcase classname="tests.test_performance_patterns.TestPerformancePatterns" name="test_large_message_handling" time="0.038" /><testcase classname="tests.test_performance_patterns.TestPerformancePatterns" name="test_error_recovery_performance" time="0.041" /><testcase classname="tests.test_performance_patterns.TestPerformancePatterns" name="test_cleanup_performance" time="0.069" /><testcase classname="tests.test_performance_patterns.TestPerformancePatterns" name="test_startup_performance" time="0.036" /><testcase classname="tests.test_performance_patterns.TestPerformancePatterns" name="test_background_task_performance" time="0.164" /><testcase classname="tests.test_regex_cache" name="test_reference_patterns_basic" time="0.034" /><testcase classname="tests.test_regex_cache" name="test_validate_and_normalize_book_name_valid[Gen-Genesis]" time="0.034" /><testcase classname="tests.test_regex_cache" name="test_validate_and_normalize_book_name_valid[jn-John]" time="0.031" /><testcase classname="tests.test_regex_cache" name="test_validate_and_normalize_book_name_valid[1 Cor-1 Corinthians]" time="0.035" /><testcase classname="tests.test_regex_cache" name="test_validate_and_normalize_book_name_valid[1co-1 Corinthians]" time="0.032" /><testcase classname="tests.test_regex_cache" name="test_validate_and_normalize_book_name_valid[ps-Psalms]" time="0.031" /><testcase classname="tests.test_regex_cache" name="test_validate_and_normalize_book_name_valid[rev.-Revelation]" time="0.032" /><testcase classname="tests.test_regex_cache" name="test_validate_and_normalize_book_name_valid[  rom  -Romans]" time="0.032" /><testcase classname="tests.test_regex_cache" name="test_validate_and_normalize_book_name_valid[1jn-1 John]" time="0.034" /><testcase classname="tests.test_regex_cache" name="test_validate_and_normalize_book_name_valid[2jn-2 John]" time="0.034" /><testcase classname="tests.test_regex_cache" name="test_validate_and_normalize_book_name_valid[3jn-3 John]" time="0.033" /><testcase classname="tests.test_regex_cache" name="test_validate_and_normalize_book_name_valid[1 john-1 John]" time="0.035" /><testcase classname="tests.test_regex_cache" name="test_validate_and_normalize_book_name_invalid[invalidbook]" time="0.033" /><testcase classname="tests.test_regex_cache" name="test_validate_and_normalize_book_name_invalid[xyz]" time="0.043" /><testcase classname="tests.test_regex_cache" name="test_validate_and_normalize_book_name_invalid[notabook]" time="0.040" /><testcase classname="tests.test_regex_cache" name="test_validate_and_normalize_book_name_invalid[]" time="0.034" /><testcase classname="tests.test_regex_cache" name="test_validate_and_normalize_book_name_invalid[   ]" time="0.034" /><testcase classname="tests.test_regex_cache" name="test_passage_cache" time="0.034" /><testcase classname="tests.test_reliability_patterns.TestReliabilityPatterns" name="test_network_failure_recovery" time="1.732" /><testcase classname="tests.test_reliability_patterns.TestReliabilityPatterns" name="test_api_timeout_resilience" time="0.160" /><testcase classname="tests.test_reliability_patterns.TestReliabilityPatterns" name="test_partial_service_degradation" time="1.769" /><testcase classname="tests.test_reliability_patterns.TestReliabilityPatterns" name="test_matrix_client_failure_recovery" time="2.193" /><testcase classname="tests.test_reliability_patterns.TestReliabilityPatterns" name="test_concurrent_failure_handling" time="3.380" /><testcase classname="tests.test_reliability_patterns.TestReliabilityPatterns" name="test_resource_exhaustion_handling" time="0.568" /><testcase classname="tests.test_reliability_patterns.TestReliabilityPatterns" name="test_cascading_failure_prevention" time="1.663" /><testcase classname="tests.test_reliability_patterns.TestReliabilityPatterns" name="test_graceful_degradation" time="0.291" /><testcase classname="tests.test_reliability_patterns.TestReliabilityPatterns" name="test_circuit_breaker_pattern" time="2.821" /><testcase classname="tests.test_reliability_patterns.TestReliabilityPatterns" name="test_data_consistency_during_failures" time="0.641" /><testcase classname="tests.test_reliability_patterns.TestReliabilityPatterns" name="test_recovery_time_measurement" time="0.918" /><testcase classname="tests.test_scalability_patterns.TestScalabilityPatterns" name="test_high_volume_message_processing" time="0.845" /><testcase classname="tests.test_scalability_patterns.TestScalabilityPatterns" name="test_concurrent_user_scaling" time="1.376" /><testcase classname="tests.test_scalability_patterns.TestScalabilityPatterns" name="test_multi_room_scaling" time="0.933" /><testcase classname="tests.test_scalability_patterns.TestScalabilityPatterns" name="test_memory_scaling_under_load" time="2.231" /><testcase classname="tests.test_scalability_patterns.TestScalabilityPatterns" name="test_api_request_scaling" time="0.535" /><testcase classname="tests.test_scalability_patterns.TestScalabilityPatterns" name="test_connection_pool_scaling" time="0.309" /><testcase classname="tests.test_scalability_patterns.TestScalabilityPatterns" name="test_response_time_under_load" time="1.633" /><testcase classname="tests.test_scalability_patterns.TestScalabilityPatterns" name="test_throughput_scaling" time="1.617" /><testcase classname="tests.test_scalability_patterns.TestScalabilityPatterns" name="test_resource_cleanup_scaling" time="1.002" /><testcase classname="tests.test_scalability_patterns.TestScalabilityPatterns" name="test_burst_traffic_handling" time="0.459" /><testcase classname="tests.test_security_patterns.TestSecurityPatterns" name="test_input_sanitization" time="0.059" /><testcase classname="tests.test_security_patterns.TestSecurityPatterns" name="test_rate_limiting_protection" time="0.216" /><testcase classname="tests.test_security_patterns.TestSecurityPatterns" name="test_access_token_protection" time="0.052" /><testcase classname="tests.test_security_patterns.TestSecurityPatterns" name="test_credential_file_permissions" time="0.094" /><testcase classname="tests.test_security_patterns.TestSecurityPatterns" name="test_homeserver_validation" time="0.090" /><testcase classname="tests.test_security_patterns.TestSecurityPatterns" name="test_user_id_validation" time="0.124" /><testcase classname="tests.test_security_patterns.TestSecurityPatterns" name="test_room_id_validation" time="0.076" /><testcase classname="tests.test_security_patterns.TestSecurityPatterns" name="test_message_content_filtering" time="0.064" /><testcase classname="tests.test_security_patterns.TestSecurityPatterns" name="test_error_message_sanitization" time="0.734" /><testcase classname="tests.test_security_patterns.TestSecurityPatterns" name="test_configuration_validation" time="0.039" /><testcase classname="tests.test_security_patterns.TestSecurityPatterns" name="test_api_response_validation" time="0.053" /><testcase classname="tests.test_security_patterns.TestSecurityPatterns" name="test_denial_of_service_protection" time="0.051" /><testcase classname="tests.test_security_patterns.TestSecurityPatterns" name="test_privilege_escalation_prevention" time="0.047" /><testcase classname="tests.test_setup_utils.TestServiceUtilities" name="test_get_executable_path" time="0.038" /><testcase classname="tests.test_setup_utils.TestServiceUtilities" name="test_get_executable_path_fallback" time="0.038" /><testcase classname="tests.test_setup_utils.TestServiceUtilities" name="test_get_user_service_path" time="0.037" /><testcase classname="tests.test_setup_utils.TestServiceUtilities" name="test_service_exists" time="0.040" /><testcase classname="tests.test_setup_utils.TestServiceInstallation" name="test_create_service_file_success" time="0.044" /><testcase classname="tests.test_setup_utils.TestServiceInstallation" name="test_create_service_file_no_executable" time="0.040" /><testcase classname="tests.test_setup_utils.TestServiceInstallation" name="test_create_service_file_no_template" time="0.037" /><testcase classname="tests.test_setup_utils.TestServiceInstallation" name="test_print_service_commands" time="0.037"><failure message="assert 'systemctl --user start' in &quot;  ['/bin/systemctl', '--user', 'start', 'biblebot.service']    # Start the service   ['/bin/systemctl', '--user', 'stop', 'biblebot.service']     # Stop the service   ['/bin/systemctl', '--user', 'restart', 'biblebot.service']  # Restart the service   ['/bin/systemctl', '--user', 'status', 'biblebot.service']   # Check service status&quot;">self = &lt;tests.test_setup_utils.TestServiceInstallation object at 0x7d77a9354ad0&gt;
mock_print = &lt;MagicMock name='print' id='137952875616624'&gt;

    @patch("builtins.print")
    def test_print_service_commands(self, mock_print):
        """Test printing service commands."""
        setup_utils.print_service_commands()
    
        # Should print service control commands
        mock_print.assert_called()
        print_calls = [call[0][0] for call in mock_print.call_args_list]
        commands_text = " ".join(print_calls)
    
&gt;       assert "systemctl --user start" in commands_text
E       assert 'systemctl --user start' in "  ['/bin/systemctl', '--user', 'start', 'biblebot.service']    # Start the service   ['/bin/systemctl', '--user', 'stop', 'biblebot.service']     # Stop the service   ['/bin/systemctl', '--user', 'restart', 'biblebot.service']  # Restart the service   ['/bin/systemctl', '--user', 'status', 'biblebot.service']   # Check service status"

tests/test_setup_utils.py:97: AssertionError</failure></testcase><testcase classname="tests.test_setup_utils.TestLingeringManagement" name="test_lingering_concept_documentation" time="0.036" /><testcase classname="tests.test_setup_utils.TestErrorHandling" name="test_username_detection_fallback" time="0.038" /><testcase classname="tests.test_setup_utils.TestServiceStatusChecks" name="test_read_service_file_exists" time="0.043" /><testcase classname="tests.test_setup_utils.TestServiceStatusChecks" name="test_read_service_file_not_exists" time="0.039" /><testcase classname="tests.test_setup_utils.TestServiceStatusChecks" name="test_is_service_enabled_true" time="0.035" /><testcase classname="tests.test_setup_utils.TestServiceStatusChecks" name="test_is_service_enabled_false" time="0.037" /><testcase classname="tests.test_setup_utils.TestServiceStatusChecks" name="test_is_service_active_true" time="0.038" /><testcase classname="tests.test_setup_utils.TestServiceStatusChecks" name="test_is_service_active_false" time="0.036" /><testcase classname="tests.test_setup_utils.TestServiceStatusChecks" name="test_reload_daemon_success" time="0.041" /><testcase classname="tests.test_setup_utils.TestServiceStatusChecks" name="test_reload_daemon_failure" time="0.040" /><testcase classname="tests.test_setup_utils.TestServiceStatusChecks" name="test_start_service_success" time="0.037" /><testcase classname="tests.test_setup_utils.TestServiceStatusChecks" name="test_start_service_failure" time="0.035" /><testcase classname="tests.test_setup_utils.TestServiceTemplateHandling" name="test_get_template_service_content" time="0.037" /><testcase classname="tests.test_setup_utils.TestServiceTemplateHandling" name="test_get_template_service_content_fallback_to_default" time="0.042" /><testcase classname="tests.test_setup_utils.TestServiceTemplateHandling" name="test_check_loginctl_available_true" time="0.039" /><testcase classname="tests.test_setup_utils.TestServiceTemplateHandling" name="test_check_loginctl_available_false" time="0.042" /><testcase classname="tests.test_setup_utils.TestServiceTemplateHandling" name="test_check_lingering_enabled_true" time="0.043" /><testcase classname="tests.test_setup_utils.TestServiceTemplateHandling" name="test_check_lingering_enabled_false" time="0.045" /><testcase classname="tests.test_setup_utils.TestServiceTemplateHandling" name="test_service_needs_update_no_existing_service" time="0.040" /><testcase classname="tests.test_setup_utils.TestServiceTemplateHandling" name="test_service_needs_update_wrong_path" time="0.039" /><testcase classname="tests.test_setup_utils.TestServiceFileCreation" name="test_create_service_file_no_executable" time="0.039" /><testcase classname="tests.test_setup_utils.TestServiceFileCreation" name="test_create_service_file_no_template" time="0.041" /><testcase classname="tests.test_setup_utils.TestServiceFileCreation" name="test_create_service_file_write_error" time="0.040" /><testcase classname="tests.test_setup_utils.TestSystemdOperations" name="test_reload_daemon_failure" time="0.038" /><testcase classname="tests.test_setup_utils.TestSystemdOperations" name="test_reload_daemon_os_error" time="0.038" /><testcase classname="tests.test_tools.TestSampleFilePaths" name="test_get_sample_config_path" time="0.037" /><testcase classname="tests.test_tools.TestSampleFilePaths" name="test_sample_config_content" time="0.042" /><testcase classname="tests.test_tools.TestPackageStructure" name="test_tools_module_location" time="0.036" /><testcase classname="tests.test_tools.TestPackageStructure" name="test_sample_files_in_package" time="0.039" /><testcase classname="tests.test_tools.TestFilePermissions" name="test_sample_files_readable" time="0.037" /><testcase classname="tests.test_tools.TestFilePermissions" name="test_sample_files_permissions" time="0.039" /><testcase classname="tests.test_tools.TestSampleConfigValidation" name="test_sample_config_valid_yaml" time="0.042" /><testcase classname="tests.test_tools.TestSampleConfigValidation" name="test_sample_config_required_fields" time="0.042" /><testcase classname="tests.test_tools.TestSampleConfigValidation" name="test_sample_config_placeholder_values" time="0.042" /><testcase classname="tests.test_tools.TestErrorHandling" name="test_missing_sample_files_handling" time="0.039" /><testcase classname="tests.test_tools.TestIntegration" name="test_tools_importable_from_cli" time="0.040" /><testcase classname="tests.test_tools.TestIntegration" name="test_sample_files_usable_by_cli" time="0.040" /><testcase classname="tests.test_update_check.TestUpdateCheck" name="test_compare_versions_update_available" time="0.043" /><testcase classname="tests.test_update_check.TestUpdateCheck" name="test_compare_versions_no_update" time="0.052" /><testcase classname="tests.test_update_check.TestUpdateCheck" name="test_compare_versions_invalid" time="0.047" /><testcase classname="tests.test_update_check.TestUpdateCheck" name="test_check_for_updates_available" time="0.040" /><testcase classname="tests.test_update_check.TestUpdateCheck" name="test_check_for_updates_not_available" time="0.044" /><testcase classname="tests.test_update_check.TestUpdateCheck" name="test_check_for_updates_api_failure" time="0.040" /><testcase classname="tests.test_update_check.TestUpdateCheck" name="test_perform_startup_update_check_no_exception" time="0.041" /><testcase classname="tests.test_update_check.TestUpdateCheck" name="test_print_startup_banner" time="0.048" /><testcase classname="tests.test_update_check.TestUpdateCheck" name="test_suppress_component_loggers" time="0.045" /></testsuite></testsuites>